Microsoft Windows [版本 6.3.9600]
(c) 2013 Microsoft Corporation。保留所有权利。

C:\Users\dellpc\WebstormProjects\text>cd webpack

C:\Users\dellpc\WebstormProjects\text\webpack>npm init -y
Wrote to C:\Users\dellpc\WebstormProjects\text\webpack\package.json:

{
  "name": "webpack",
  "version": "1.0.0",
  "description": "",
  "main": "index.js",
  "scripts": {
    "test": "echo \"Error: no test specified\" && exit 1"
  },
  "keywords": [],
  "author": "",
  "license": "ISC"
}



C:\Users\dellpc\WebstormProjects\text\webpack>npm install -g cnpm --registry=https://reg
istry.npm.taobao.org
C:\Users\dellpc\AppData\Roaming\npm\cnpm -> C:\Users\dellpc\AppData\Roaming\npm\node_modu
les\cnpm\bin\cnpm
C:\Users\dellpc\AppData\Roaming\npm
`-- cnpm@5.1.1


C:\Users\dellpc\WebstormProjects\text\webpack>cnpm install --save-dev webpack
- [0/1] Installing pbkdf2@^3.0.3platform unsupported webpack@3.8.1 ? watchpack@1.4.0 ? ch
okidar@1.7.0 ? fsevents@^1.0.0 Package require os(darwin) not compatible with your platfo
rm(win32)
[fsevents@^1.0.0] optional install error: Package require os(darwin) not compatible with
your platform(win32)
√ Installed 1 packages
√ Linked 232 latest versions
√ Run 1 scripts
Recently updated (since 2017-10-18): 3 packages (detail see file C:\Users\dellpc\Webstor
Projects\text\webpack\node_modules\.recently_updates.txt)
  Today:
    → webpack@3.8.1 ? ajv@^5.1.5(5.3.0) (03:00:24)
    → webpack@3.8.1 ? ajv@5.3.0 ? fast-json-stable-stringify@^2.0.0(2.0.0) (01:44:01)
√ All packages installed (247 packages installed from npm registry, used 35s, speed 10.
8kB/s, json 233(362.54kB), tarball 0B)

C:\Users\dellpc\WebstormProjects\text\webpack>npm run build

> webpack@1.0.0 build C:\Users\dellpc\WebstormProjects\text\webpack
> webpack

C:\Users\dellpc\WebstormProjects\text\webpack\node_modules\_webpack@3.8.1@webpack\bin\convert-argv.js:507
                                throw new Error("'output.filename' is required, either in config file or as --output-filenam
e");
                                ^

Error: 'output.filename' is required, either in config file or as --output-filename
    at processOptions (C:\Users\dellpc\WebstormProjects\text\webpack\node_modules\_webpack@3.8.1@webpack\bin\convert-argv.js
:507:11)
    at processConfiguredOptions (C:\Users\dellpc\WebstormProjects\text\webpack\node_modules\_webpack@3.8.1@webpack\bin\conve
rt-argv.js:150:4)
    at module.exports (C:\Users\dellpc\WebstormProjects\text\webpack\node_modules\_webpack@3.8.1@webpack\bin\convert-argv.js
:112:10)
    at yargs.parse (C:\Users\dellpc\WebstormProjects\text\webpack\node_modules\_webpack@3.8.1@webpack\bin\webpack.js:171:41)

    at Object.Yargs.self.parse (C:\Users\dellpc\WebstormProjects\text\webpack\node_modules\_yargs@8.0.2@yargs\yargs.js:533:1
8)
    at Object.<anonymous> (C:\Users\dellpc\WebstormProjects\text\webpack\node_modules\_webpack@3.8.1@webpack\bin\webpack.js:
152:7)
    at Module._compile (module.js:570:32)
    at Object.Module._extensions..js (module.js:579:10)
    at Module.load (module.js:487:32)
    at tryModuleLoad (module.js:446:12)

npm ERR! Windows_NT 6.3.9600
npm ERR! argv "C:\\Program Files (x86)\\nodejs\\node.exe" "C:\\Program Files (x86)\\nodejs\\node_modules\\npm\\bin\\npm-cli.
js" "run" "build"
npm ERR! node v6.11.4
npm ERR! npm  v3.10.10
npm ERR! code ELIFECYCLE
npm ERR! webpack@1.0.0 build: `webpack`
npm ERR! Exit status 1
npm ERR!
npm ERR! Failed at the webpack@1.0.0 build script 'webpack'.
npm ERR! Make sure you have the latest version of node.js and npm installed.
npm ERR! If you do, this is most likely a problem with the webpack package,
npm ERR! not with npm itself.
npm ERR! Tell the author that this fails on your system:
npm ERR!     webpack
npm ERR! You can get information on how to open an issue for this project with:
npm ERR!     npm bugs webpack
npm ERR! Or if that isn't available, you can get their info via:
npm ERR!     npm owner ls webpack
npm ERR! There is likely additional logging output above.

npm ERR! Please include the following file with any support request:
npm ERR!     C:\Users\dellpc\WebstormProjects\text\webpack\npm-debug.log

C:\Users\dellpc\WebstormProjects\text\webpack>npm run build

> webpack@1.0.0 build C:\Users\dellpc\WebstormProjects\text\webpack
> webpack

Hash: c06ee1c2d8df2f1f85f9
Version: webpack 3.8.1
Time: 232ms
   Asset     Size  Chunks             Chunk Names
entry.js  2.56 kB       0  [emitted]  entry
   [0] ./src/index.js 87 bytes {0} [built]

C:\Users\dellpc\WebstormProjects\text\webpack>cnpm install --s
ave-dev webpack-dev-server
√ Installed 1 packages
√ Linked 190 latest versions
√ Run 0 scripts
Recently updated (since 2017-10-18): 3 packages (detail see fi
.recently_updates.txt)
√ All packages installed (170 packages installed from npm reg
 2.46MB)

C:\Users\dellpc\WebstormProjects\text\webpack>cnpm install htm
√ Installed 1 packages
√ Linked 43 latest versions
√ Run 0 scripts
Recently updated (since 2017-10-18): 1 packages (detail see fi
.recently_updates.txt)
√ All packages installed (37 packages installed from npm regi
8.95kB)

C:\Users\dellpc\WebstormProjects\text\webpack>npm run build

> webpack@1.0.0 build C:\Users\dellpc\WebstormProjects\text\webpack
> webpack

Hash: bde86c30a378b4ab07c2
Version: webpack 3.8.1
Time: 2008ms
     Asset       Size  Chunks             Chunk Names
  entry.js    2.56 kB       0  [emitted]  entry
index.html  354 bytes          [emitted]
   [0] ./src/index.js 87 bytes {0} [built]
Child html-webpack-plugin for "index.html":
     1 asset
       [0] ./node_modules/_html-webpack-plugin@2.30.1@html-webpack-plugin/lib/loader.js!./src/index.html 688 bytes {0} [buil
t]
       [2] (webpack)/buildin/global.js 488 bytes {0} [built]
       [3] (webpack)/buildin/module.js 495 bytes {0} [built]
        + 1 hidden module

C:\Users\dellpc\WebstormProjects\text\webpack>